
  fn.   type   at.   n   l   m
    1 atomic     1   1   0   0
    2 hydro      1   2   0   0
    3 atomic     1   2   0   0
    4 atomic     1   2   1  -1
    5 atomic     1   2   1   0
    6 atomic     1   2   1   1
    7 hydro      1   2   1  -1
    8 hydro      1   2   1   0
    9 hydro      1   2   1   1
   10 hydro      1   3   2  -2
   11 hydro      1   3   2  -1
   12 hydro      1   3   2   0
   13 hydro      1   3   2   1
   14 hydro      1   3   2   2
   15 atomic     2   1   0   0
   16 hydro      2   2   0   0
   17 atomic     2   2   0   0
   18 atomic     2   2   1  -1
   19 atomic     2   2   1   0
   20 atomic     2   2   1   1
   21 hydro      2   2   1  -1
   22 hydro      2   2   1   0
   23 hydro      2   2   1   1
   24 hydro      2   3   2  -2
   25 hydro      2   3   2  -1
   26 hydro      2   3   2   0
   27 hydro      2   3   2   1
   28 hydro      2   3   2   2
   29 atomic     3   1   0   0
   30 hydro      3   2   0   0
   31 atomic     3   2   0   0
   32 atomic     3   2   1  -1
   33 atomic     3   2   1   0
   34 atomic     3   2   1   1
   35 hydro      3   2   1  -1
   36 hydro      3   2   1   0
   37 hydro      3   2   1   1
   38 hydro      3   3   2  -2
   39 hydro      3   3   2  -1
   40 hydro      3   3   2   0
   41 hydro      3   3   2   1
   42 hydro      3   3   2   2
   43 atomic     4   1   0   0
   44 hydro      4   2   0   0
   45 atomic     4   2   0   0
   46 atomic     4   2   1  -1
   47 atomic     4   2   1   0
   48 atomic     4   2   1   1
   49 hydro      4   2   1  -1
   50 hydro      4   2   1   0
   51 hydro      4   2   1   1
   52 hydro      4   3   2  -2
   53 hydro      4   3   2  -1
   54 hydro      4   3   2   0
   55 hydro      4   3   2   1
   56 hydro      4   3   2   2
